02:49:38 **** Incremental Build of configuration Debug for project mid_term ****
make -j8 all 
arm-none-eabi-gcc "../Core/Src/button.c" -mcpu=cortex-m3 -std=gnu11 -g3 -DDEBUG -DUSE_HAL_DRIVER -DSTM32F103x6 -c -I../Core/Inc -I../Drivers/STM32F1xx_HAL_Driver/Inc -I../Drivers/STM32F1xx_HAL_Driver/Inc/Legacy -I../Drivers/CMSIS/Device/ST/STM32F1xx/Include -I../Drivers/CMSIS/Include -O0 -ffunction-sections -fdata-sections -Wall -fstack-usage -MMD -MP -MF"Core/Src/button.d" -MT"Core/Src/button.o" --specs=nano.specs -mfloat-abi=soft -mthumb -o "Core/Src/button.o"
arm-none-eabi-gcc "../Core/Src/fsm_manual.c" -mcpu=cortex-m3 -std=gnu11 -g3 -DDEBUG -DUSE_HAL_DRIVER -DSTM32F103x6 -c -I../Core/Inc -I../Drivers/STM32F1xx_HAL_Driver/Inc -I../Drivers/STM32F1xx_HAL_Driver/Inc/Legacy -I../Drivers/CMSIS/Device/ST/STM32F1xx/Include -I../Drivers/CMSIS/Include -O0 -ffunction-sections -fdata-sections -Wall -fstack-usage -MMD -MP -MF"Core/Src/fsm_manual.d" -MT"Core/Src/fsm_manual.o" --specs=nano.specs -mfloat-abi=soft -mthumb -o "Core/Src/fsm_manual.o"
arm-none-eabi-gcc -o "mid_term.elf" @"objects.list"   -mcpu=cortex-m3 -T"C:\Users\Hoang\Videos\Mid_term\mid_term\STM32F103C6UX_FLASH.ld" --specs=nosys.specs -Wl,-Map="mid_term.map" -Wl,--gc-sections -static --specs=nano.specs -mfloat-abi=soft -mthumb -Wl,--start-group -lc -lm -Wl,--end-group
Finished building target: mid_term.elf
 
arm-none-eabi-size   mid_term.elf 
arm-none-eabi-objdump -h -S  mid_term.elf  > "mid_term.list"
arm-none-eabi-objcopy  -O ihex  mid_term.elf  "mid_term.hex"
arm-none-eabi-objcopy  -O binary  mid_term.elf  "mid_term.bin"
   text	   data	    bss	    dec	    hex	filename
   9548	     80	   1688	  11316	   2c34	mid_term.elf
Finished building: default.size.stdout
 
Finished building: mid_term.hex
Finished building: mid_term.bin
 
Finished building: mid_term.list
 
 
